mistranslation: 0.948
architecture: 0.901
files: 0.900
x86: 0.899
device: 0.850
graphic: 0.825
ppc: 0.819
PID: 0.815
vnc: 0.704
user-level: 0.687
network: 0.667
socket: 0.655
kernel: 0.649
performance: 0.647
semantic: 0.646
TCG: 0.635
risc-v: 0.613
register: 0.612
debug: 0.610
permissions: 0.607
VMM: 0.578
i386: 0.560
boot: 0.513
arm: 0.504
assembly: 0.450
hypervisor: 0.419
virtual: 0.405
peripherals: 0.402
KVM: 0.241
--------------------
virtual: 0.624
debug: 0.400
TCG: 0.049
files: 0.020
PID: 0.017
hypervisor: 0.013
register: 0.011
kernel: 0.011
x86: 0.010
user-level: 0.010
performance: 0.006
semantic: 0.005
network: 0.005
architecture: 0.004
VMM: 0.004
device: 0.003
boot: 0.002
socket: 0.002
KVM: 0.002
peripherals: 0.002
assembly: 0.001
graphic: 0.001
vnc: 0.001
risc-v: 0.001
permissions: 0.001
ppc: 0.001
mistranslation: 0.000
i386: 0.000
arm: 0.000

Fedora 38 build of clang 16 fails when run under s390x emulation (both system & linux-user)
Description of problem:
Spawn a Fedora 38 container using `s390x` linux-user based emulation

```
$ podman run -it --platform linux/s390x fedora:latest
```

Install clang inside it

```
sh-5.2# dnf -y install clang
```

Try to run clang

```
sh-5.2# clang --version
clang version 16.0.4 (Fedora 16.0.4-1.fc38)
Target: s390x-redhat-linux-gnu
Thread model: posix
InstalledDir: /usr/bin
sh-5.2# clang --help   
clang-16: error: unsupported option '--help'; did you mean '--help'?
clang-16: error: no input files
```

Notice the nonsense error message when requesting `--help`. With Fedora 37 build of clang 15 (compiled with gcc 12), under s390x emulation, `--help` will correctly print the help.  In fact all options except for `--version` appear to be broken:

```
sh-5.2# echo "void foo(void) {}" > foo.c
sh-5.2# clang -c foo.c
clang-16: error: unknown argument: '-c'
```


IOW, there appears to be something in the clang 16 (compiled with gcc 13) in Fedora 38 that is tripping up s390x emulation.

It is unclear whether the trigger was from building clang 16 with a newer gcc 13, or whether something changed from clang 15 -> 16.

Originally reported with qemu-user-static-7.2.1-1.fc38.x86_64, but I've reproduced with QEMU upstream 7.1.0 release and QEMU upstream git master (v8.0.0-394-gc2b7158455)

This was originally reported in Fedora at

  https://bugzilla.redhat.com/show_bug.cgi?id=2209635
